// Jest Snapshot v1, https://goo.gl/fbAQLP

exports[`Delete request component should render without errors 1`] = `
<div
  aria-hidden="true"
  aria-labelledby="deleteRequest"
  className="modal fade"
  id="deleteRequest"
  role="dialog"
  tabIndex="-1"
>
  <div
    className="modal-dialog modal-dialog-centered"
    role="document"
  >
    <div
      className="modal-content"
    >
      <div
        className="modal-header p-2 w3-flat-midnight-blue"
      >
        <h5
          className="modal-title"
          id="exampleModalCenterTitle"
        >
          Delete Request?
        </h5>
        <button
          aria-label="Close"
          className="close p-4"
          data-dismiss="modal"
          id="closeDeleteModal"
          type="button"
        >
          <span
            aria-hidden="true"
          >
            Ã—
          </span>
        </button>
      </div>
      <div
        className="modal-body"
      >
        <div>
          <p>
            This action can not be undone, are you sure you want to delete this request?
          </p>
          <button
            aria-label="Close"
            className="btn btn-danger"
            data-dismiss="modal"
            id="closeDeleteModal"
            type="button"
          >
            Cancel
          </button>
          <button
            aria-label="Close"
            className="btn btn-success ml-4"
            data-dismiss="modal"
            id="closeDeleteModalTrue"
            onClick={[MockFunction]}
            type="button"
          >
            Delete
          </button>
        </div>
      </div>
    </div>
  </div>
</div>
`;
